Ankita@LAPTOP-BCC2BLVC MINGW32 ~/Desktop/GAE (main)
$ ls
app.yml  test.py

Ankita@LAPTOP-BCC2BLVC MINGW32 ~/Desktop/GAE (main)
$ cd GAE/
bash: cd: GAE/: No such file or directory

Ankita@LAPTOP-BCC2BLVC MINGW32 ~/Desktop/GAE (main)
$ git init
Reinitialized existing Git repository in C:/Users/Ankita/Desktop/GAE/.git/

Ankita@LAPTOP-BCC2BLVC MINGW32 ~/Desktop/GAE (main)
$ git add .

Ankita@LAPTOP-BCC2BLVC MINGW32 ~/Desktop/GAE (main)
$ git config --global user.name  "ANKITA Sukale"

Ankita@LAPTOP-BCC2BLVC MINGW32 ~/Desktop/GAE (main)
$

Ankita@LAPTOP-BCC2BLVC MINGW32 ~/Desktop/GAE (main)
$ git config --global user.email  "ajsukale1122@gmail.com"

Ankita@LAPTOP-BCC2BLVC MINGW32 ~/Desktop/GAE (main)
$ git commit -m "GAE code"
[main (root-commit) 68b2c67] GAE code
 2 files changed, 11 insertions(+)
 create mode 100644 app.yml
 create mode 100644 test.py

Ankita@LAPTOP-BCC2BLVC MINGW32 ~/Desktop/GAE (main)
$ git branch -M main

Ankita@LAPTOP-BCC2BLVC MINGW32 ~/Desktop/GAE (main)
$ git remote add origin https://github.com/ankitasukale/GAE.git

Ankita@LAPTOP-BCC2BLVC MINGW32 ~/Desktop/GAE (main)
$ git push -u origin main
Enumerating objects: 4, done.
Counting objects: 100% (4/4), done.
Delta compression using up to 4 threads
Compressing objects: 100% (4/4), done.
Writing objects: 100% (4/4), 474 bytes | 474.00 KiB/s, done.
Total 4 (delta 0), reused 0 (delta 0), pack-reused 0
To https://github.com/ankitasukale/GAE.git
 * [new branch]      main -> main
branch 'main' set up to track 'origin/main'.

Ankita@LAPTOP-BCC2BLVC MINGW32 ~/Desktop/GAE (main)



## move to master

Ankita@LAPTOP-BCC2BLVC MINGW32 ~/Desktop/GAE (main)
$ git branch --move main master

Ankita@LAPTOP-BCC2BLVC MINGW32 ~/Desktop/GAE (master)
$ git init
Reinitialized existing Git repository in C:/Users/Ankita/Desktop/GAE/.git/

Ankita@LAPTOP-BCC2BLVC MINGW32 ~/Desktop/GAE (master)
$ git config --global user.email  "ajsukale1122@gmail.com"

Ankita@LAPTOP-BCC2BLVC MINGW32 ~/Desktop/GAE (master)
$ git config --global user.name  "ANKITA Sukale"

Ankita@LAPTOP-BCC2BLVC MINGW32 ~/Desktop/GAE (master)
$ git add .

Ankita@LAPTOP-BCC2BLVC MINGW32 ~/Desktop/GAE (master)
$ git commit -m "new master"
On branch master
Your branch is up to date with 'origin/main'.

nothing to commit, working tree clean

Ankita@LAPTOP-BCC2BLVC MINGW32 ~/Desktop/GAE (master)
$ git push -u origin master
Total 0 (delta 0), reused 0 (delta 0), pack-reused 0
remote:
remote: Create a pull request for 'master' on GitHub by visiting:
remote:      https://github.com/ankitasukale/GAE/pull/new/master
remote:
To https://github.com/ankitasukale/GAE.git
 * [new branch]      master -> master
branch 'master' set up to track 'origin/master'.

Ankita@LAPTOP-BCC2BLVC MINGW32 ~/Desktop/GAE (master)
